
> sota-ekuiper-playground@1.0.0 build
> next build

   Ôû▓ Next.js 14.0.4

   Creating an optimized production build ...
node.exe : (node:18808) [DEP_WEBPACK_MODULE_UPDATE_HASH] DeprecationWarning: 
Module.updateHash: Use new ChunkGraph API
At line:1 char:1
+ & "C:\Program Files\nodejs/node.exe" "C:\Program Files\nodejs/node_mo ...
+ ~~~~~~~~~~~~~~~~~~~~~~~~~~~~~~~~~~~~~~~~~~~~~~~~~~~~~~~~~~~~~~~~~~~~~
    + CategoryInfo          : NotSpecified: ((node:18808) [D... ChunkGraph API:Strin 
   g) [], RemoteException
    + FullyQualifiedErrorId : NativeCommandError
 
(Use `node --trace-deprecation ...` to show where the warning was created)
 Ô£ô Compiled successfully
   Linting and checking validity of types ...

Failed to compile.

./src/components/editor/sql-editor.tsx
296:22  Warning: The ref value 'disposablesRef.current' will likely have changed by 
the time this effect cleanup function runs. If this ref points to a node rendered by 
React, copy 'disposablesRef.current' to a variable inside the effect, and use that 
variable in the cleanup function.  react-hooks/exhaustive-deps

./src/components/editor/sql-validator.tsx
68:6  Warning: React Hook useEffect has a missing dependency: 'handleValidate'. 
Either include it or remove the dependency array.  react-hooks/exhaustive-deps

./src/components/manager/logs-viewer.tsx
169:6  Warning: React Hook useEffect has a missing dependency: 'fetchLogs'. Either 
include it or remove the dependency array.  react-hooks/exhaustive-deps

./src/components/visualization/dependency-graph/DependencyGraph.tsx
108:6  Warning: React Hook useCallback has missing dependencies: 'setEdges' and 
'setNodes'. Either include them or remove the dependency array.  
react-hooks/exhaustive-deps

./src/components/visualization/performance-profiler/BottleneckDetector.tsx
46:6  Warning: React Hook useEffect has a missing dependency: 'analyzeBottlenecks'. 
Either include it or remove the dependency array.  react-hooks/exhaustive-deps

./src/components/visualization/performance-profiler/PerformanceProfiler.tsx
166:6  Warning: React Hook useCallback has an unnecessary dependency: 
'connectionId'. Either exclude it or remove the dependency array.  
react-hooks/exhaustive-deps

./src/components/visualization/time-travel-debugger/StateInspector.tsx
51:47  Error: `"` can be escaped with `&quot;`, `&ldquo;`, `&#34;`, `&rdquo;`.  
react/no-unescaped-entities
51:55  Error: `"` can be escaped with `&quot;`, `&ldquo;`, `&#34;`, `&rdquo;`.  
react/no-unescaped-entities

./src/components/visualization/time-travel-debugger/TimeTravelDebugger.tsx
102:6  Warning: React Hook useCallback has a missing dependency: 'simulateEvents'. 
Either include it or remove the dependency array.  react-hooks/exhaustive-deps

info  - Need to disable some ESLint rules? Learn more here: 
https://nextjs.org/docs/basic-features/eslint#disabling-rules
